
> universalinc@1.0.0 build C:\Users\dillo\OneDrive\code\tattoo-shops-main\tattoo-shops-main
> vite build && esbuild backend/server/_core/index.ts --platform=node --packages=external --bundle --format=esm --outdir=dist

[36mvite v7.1.9 [32mbuilding for production...[36m[39m
transforming...
[32mΓ£ô[39m 2689 modules transformed.
rendering chunks...
computing gzip size...
[2m../../dist/public/[22m[32mindex.html                 [39m[1m[2m    2.46 kB[22m[1m[22m[2m Γöé gzip:   0.88 kB[22m
[2m../../dist/public/[22m[35massets/index-BoXNFo_2.css  [39m[1m[2m  152.23 kB[22m[1m[22m[2m Γöé gzip:  22.76 kB[22m
[2m../../dist/public/[22m[36massets/index-DsE9eerh.js   [39m[1m[33m1,935.19 kB[39m[22m[2m Γöé gzip: 437.64 kB[22m
node.exe : [33m
At C:\Users\dillo\AppData\Roaming\npm\pnpm.ps1:24 char:5
+     & "node$exe"  "$basedir/node_modules/pnpm/bin/pnpm.cjs" $args
+     ~~~~~~~~~~~~~~~~~~~~~~~~~~~~~~~~~~~~~~~~~~~~~~~~~~~~~~~~~~~~~
    + CategoryInfo          : NotSpecified: ([33m:String) [], RemoteException
    + FullyQualifiedErrorId : NativeCommandError
 
(!) Some chunks are larger than 1000 kB after minification. Consider:
- Using dynamic import() to code-split the application
- Use build.rollupOptions.output.manualChunks to improve chunking: 
https://rollupjs.org/configuration-options/#output-manualchunks
- Adjust chunk size limit for this warning via 
build.chunkSizeWarningLimit.[39m
[32mΓ£ô built in 15.46s[39m

  dist\index.js  191.6kb

Done in 111ms
